ARM GAS  /var/folders/n6/c271nzx11xl4r4_m7sqjlt0m0000gn/T//ccxDDEZl.s 			page 1


   1              		.cpu cortex-m7
   2              		.arch armv7e-m
   3              		.fpu fpv5-d16
   4              		.eabi_attribute 28, 1
   5              		.eabi_attribute 20, 1
   6              		.eabi_attribute 21, 1
   7              		.eabi_attribute 23, 3
   8              		.eabi_attribute 24, 1
   9              		.eabi_attribute 25, 1
  10              		.eabi_attribute 26, 1
  11              		.eabi_attribute 30, 1
  12              		.eabi_attribute 34, 1
  13              		.eabi_attribute 18, 4
  14              		.file	"arm_bitreversal.c"
  15              		.text
  16              	.Ltext0:
  17              		.cfi_sections	.debug_frame
  18              		.file 1 "Drivers/CMSIS/DSP/Source/TransformFunctions/arm_bitreversal.c"
  19              		.section	.text.arm_bitreversal_f32,"ax",%progbits
  20              		.align	1
  21              		.global	arm_bitreversal_f32
  22              		.syntax unified
  23              		.thumb
  24              		.thumb_func
  26              	arm_bitreversal_f32:
  27              	.LVL0:
  28              	.LFB135:
   1:Drivers/CMSIS/DSP/Source/TransformFunctions/arm_bitreversal.c **** /* ----------------------------------------------------------------------
   2:Drivers/CMSIS/DSP/Source/TransformFunctions/arm_bitreversal.c ****  * Project:      CMSIS DSP Library
   3:Drivers/CMSIS/DSP/Source/TransformFunctions/arm_bitreversal.c ****  * Title:        arm_bitreversal.c
   4:Drivers/CMSIS/DSP/Source/TransformFunctions/arm_bitreversal.c ****  * Description:  Bitreversal functions
   5:Drivers/CMSIS/DSP/Source/TransformFunctions/arm_bitreversal.c ****  *
   6:Drivers/CMSIS/DSP/Source/TransformFunctions/arm_bitreversal.c ****  * $Date:        27. January 2017
   7:Drivers/CMSIS/DSP/Source/TransformFunctions/arm_bitreversal.c ****  * $Revision:    V.1.5.1
   8:Drivers/CMSIS/DSP/Source/TransformFunctions/arm_bitreversal.c ****  *
   9:Drivers/CMSIS/DSP/Source/TransformFunctions/arm_bitreversal.c ****  * Target Processor: Cortex-M cores
  10:Drivers/CMSIS/DSP/Source/TransformFunctions/arm_bitreversal.c ****  * -------------------------------------------------------------------- */
  11:Drivers/CMSIS/DSP/Source/TransformFunctions/arm_bitreversal.c **** /*
  12:Drivers/CMSIS/DSP/Source/TransformFunctions/arm_bitreversal.c ****  * Copyright (C) 2010-2017 ARM Limited or its affiliates. All rights reserved.
  13:Drivers/CMSIS/DSP/Source/TransformFunctions/arm_bitreversal.c ****  *
  14:Drivers/CMSIS/DSP/Source/TransformFunctions/arm_bitreversal.c ****  * SPDX-License-Identifier: Apache-2.0
  15:Drivers/CMSIS/DSP/Source/TransformFunctions/arm_bitreversal.c ****  *
  16:Drivers/CMSIS/DSP/Source/TransformFunctions/arm_bitreversal.c ****  * Licensed under the Apache License, Version 2.0 (the License); you may
  17:Drivers/CMSIS/DSP/Source/TransformFunctions/arm_bitreversal.c ****  * not use this file except in compliance with the License.
  18:Drivers/CMSIS/DSP/Source/TransformFunctions/arm_bitreversal.c ****  * You may obtain a copy of the License at
  19:Drivers/CMSIS/DSP/Source/TransformFunctions/arm_bitreversal.c ****  *
  20:Drivers/CMSIS/DSP/Source/TransformFunctions/arm_bitreversal.c ****  * www.apache.org/licenses/LICENSE-2.0
  21:Drivers/CMSIS/DSP/Source/TransformFunctions/arm_bitreversal.c ****  *
  22:Drivers/CMSIS/DSP/Source/TransformFunctions/arm_bitreversal.c ****  * Unless required by applicable law or agreed to in writing, software
  23:Drivers/CMSIS/DSP/Source/TransformFunctions/arm_bitreversal.c ****  * distributed under the License is distributed on an AS IS BASIS, WITHOUT
  24:Drivers/CMSIS/DSP/Source/TransformFunctions/arm_bitreversal.c ****  * WARRANTIES OR CONDITIONS OF ANY KIND, either express or implied.
  25:Drivers/CMSIS/DSP/Source/TransformFunctions/arm_bitreversal.c ****  * See the License for the specific language governing permissions and
  26:Drivers/CMSIS/DSP/Source/TransformFunctions/arm_bitreversal.c ****  * limitations under the License.
  27:Drivers/CMSIS/DSP/Source/TransformFunctions/arm_bitreversal.c ****  */
  28:Drivers/CMSIS/DSP/Source/TransformFunctions/arm_bitreversal.c **** 
  29:Drivers/CMSIS/DSP/Source/TransformFunctions/arm_bitreversal.c **** #include "arm_math.h"
  30:Drivers/CMSIS/DSP/Source/TransformFunctions/arm_bitreversal.c **** #include "arm_common_tables.h"
ARM GAS  /var/folders/n6/c271nzx11xl4r4_m7sqjlt0m0000gn/T//ccxDDEZl.s 			page 2


  31:Drivers/CMSIS/DSP/Source/TransformFunctions/arm_bitreversal.c **** 
  32:Drivers/CMSIS/DSP/Source/TransformFunctions/arm_bitreversal.c **** /*
  33:Drivers/CMSIS/DSP/Source/TransformFunctions/arm_bitreversal.c **** * @brief  In-place bit reversal function.
  34:Drivers/CMSIS/DSP/Source/TransformFunctions/arm_bitreversal.c **** * @param[in, out] *pSrc        points to the in-place buffer of floating-point data type.
  35:Drivers/CMSIS/DSP/Source/TransformFunctions/arm_bitreversal.c **** * @param[in]      fftSize      length of the FFT.
  36:Drivers/CMSIS/DSP/Source/TransformFunctions/arm_bitreversal.c **** * @param[in]      bitRevFactor bit reversal modifier that supports different size FFTs with the sam
  37:Drivers/CMSIS/DSP/Source/TransformFunctions/arm_bitreversal.c **** * @param[in]      *pBitRevTab  points to the bit reversal table.
  38:Drivers/CMSIS/DSP/Source/TransformFunctions/arm_bitreversal.c **** * @return none.
  39:Drivers/CMSIS/DSP/Source/TransformFunctions/arm_bitreversal.c **** */
  40:Drivers/CMSIS/DSP/Source/TransformFunctions/arm_bitreversal.c **** 
  41:Drivers/CMSIS/DSP/Source/TransformFunctions/arm_bitreversal.c **** void arm_bitreversal_f32(
  42:Drivers/CMSIS/DSP/Source/TransformFunctions/arm_bitreversal.c **** float32_t * pSrc,
  43:Drivers/CMSIS/DSP/Source/TransformFunctions/arm_bitreversal.c **** uint16_t fftSize,
  44:Drivers/CMSIS/DSP/Source/TransformFunctions/arm_bitreversal.c **** uint16_t bitRevFactor,
  45:Drivers/CMSIS/DSP/Source/TransformFunctions/arm_bitreversal.c **** uint16_t * pBitRevTab)
  46:Drivers/CMSIS/DSP/Source/TransformFunctions/arm_bitreversal.c **** {
  29              		.loc 1 46 1 view -0
  30              		.cfi_startproc
  31              		@ args = 0, pretend = 0, frame = 0
  32              		@ frame_needed = 0, uses_anonymous_args = 0
  33              		.loc 1 46 1 is_stmt 0 view .LVU1
  34 0000 2DE9F043 		push	{r4, r5, r6, r7, r8, r9, lr}
  35              		.cfi_def_cfa_offset 28
  36              		.cfi_offset 4, -28
  37              		.cfi_offset 5, -24
  38              		.cfi_offset 6, -20
  39              		.cfi_offset 7, -16
  40              		.cfi_offset 8, -12
  41              		.cfi_offset 9, -8
  42              		.cfi_offset 14, -4
  47:Drivers/CMSIS/DSP/Source/TransformFunctions/arm_bitreversal.c ****    uint16_t fftLenBy2, fftLenBy2p1;
  43              		.loc 1 47 4 is_stmt 1 view .LVU2
  48:Drivers/CMSIS/DSP/Source/TransformFunctions/arm_bitreversal.c ****    uint16_t i, j;
  44              		.loc 1 48 4 view .LVU3
  49:Drivers/CMSIS/DSP/Source/TransformFunctions/arm_bitreversal.c ****    float32_t in;
  45              		.loc 1 49 4 view .LVU4
  50:Drivers/CMSIS/DSP/Source/TransformFunctions/arm_bitreversal.c **** 
  51:Drivers/CMSIS/DSP/Source/TransformFunctions/arm_bitreversal.c ****    /*  Initializations */
  52:Drivers/CMSIS/DSP/Source/TransformFunctions/arm_bitreversal.c ****    j = 0U;
  46              		.loc 1 52 4 view .LVU5
  47              	.LVL1:
  53:Drivers/CMSIS/DSP/Source/TransformFunctions/arm_bitreversal.c ****    fftLenBy2 = fftSize >> 1U;
  48              		.loc 1 53 4 view .LVU6
  49              		.loc 1 53 14 is_stmt 0 view .LVU7
  50 0004 4C08     		lsrs	r4, r1, #1
  51              	.LVL2:
  54:Drivers/CMSIS/DSP/Source/TransformFunctions/arm_bitreversal.c ****    fftLenBy2p1 = (fftSize >> 1U) + 1U;
  52              		.loc 1 54 4 is_stmt 1 view .LVU8
  53              		.loc 1 54 16 is_stmt 0 view .LVU9
  54 0006 651C     		adds	r5, r4, #1
  55              	.LVL3:
  55:Drivers/CMSIS/DSP/Source/TransformFunctions/arm_bitreversal.c **** 
  56:Drivers/CMSIS/DSP/Source/TransformFunctions/arm_bitreversal.c ****    /* Bit Reversal Implementation */
  57:Drivers/CMSIS/DSP/Source/TransformFunctions/arm_bitreversal.c ****    for (i = 0U; i <= (fftLenBy2 - 2U); i += 2U)
  56              		.loc 1 57 4 is_stmt 1 view .LVU10
  52:Drivers/CMSIS/DSP/Source/TransformFunctions/arm_bitreversal.c ****    fftLenBy2 = fftSize >> 1U;
  57              		.loc 1 52 6 is_stmt 0 view .LVU11
ARM GAS  /var/folders/n6/c271nzx11xl4r4_m7sqjlt0m0000gn/T//ccxDDEZl.s 			page 3


  58 0008 4FF0000E 		mov	lr, #0
  59              		.loc 1 57 11 view .LVU12
  60 000c 7146     		mov	r1, lr
  61              	.LVL4:
  62              		.loc 1 57 4 view .LVU13
  63 000e 27E0     		b	.L2
  64              	.LVL5:
  65              	.L3:
  58:Drivers/CMSIS/DSP/Source/TransformFunctions/arm_bitreversal.c ****    {
  59:Drivers/CMSIS/DSP/Source/TransformFunctions/arm_bitreversal.c ****       if (i < j)
  60:Drivers/CMSIS/DSP/Source/TransformFunctions/arm_bitreversal.c ****       {
  61:Drivers/CMSIS/DSP/Source/TransformFunctions/arm_bitreversal.c ****          /*  pSrc[i] <-> pSrc[j]; */
  62:Drivers/CMSIS/DSP/Source/TransformFunctions/arm_bitreversal.c ****          in = pSrc[2U * i];
  63:Drivers/CMSIS/DSP/Source/TransformFunctions/arm_bitreversal.c ****          pSrc[2U * i] = pSrc[2U * j];
  64:Drivers/CMSIS/DSP/Source/TransformFunctions/arm_bitreversal.c ****          pSrc[2U * j] = in;
  65:Drivers/CMSIS/DSP/Source/TransformFunctions/arm_bitreversal.c **** 
  66:Drivers/CMSIS/DSP/Source/TransformFunctions/arm_bitreversal.c ****          /*  pSrc[i+1U] <-> pSrc[j+1U] */
  67:Drivers/CMSIS/DSP/Source/TransformFunctions/arm_bitreversal.c ****          in = pSrc[(2U * i) + 1U];
  68:Drivers/CMSIS/DSP/Source/TransformFunctions/arm_bitreversal.c ****          pSrc[(2U * i) + 1U] = pSrc[(2U * j) + 1U];
  69:Drivers/CMSIS/DSP/Source/TransformFunctions/arm_bitreversal.c ****          pSrc[(2U * j) + 1U] = in;
  70:Drivers/CMSIS/DSP/Source/TransformFunctions/arm_bitreversal.c **** 
  71:Drivers/CMSIS/DSP/Source/TransformFunctions/arm_bitreversal.c ****          /*  pSrc[i+fftLenBy2p1] <-> pSrc[j+fftLenBy2p1] */
  72:Drivers/CMSIS/DSP/Source/TransformFunctions/arm_bitreversal.c ****          in = pSrc[2U * (i + fftLenBy2p1)];
  73:Drivers/CMSIS/DSP/Source/TransformFunctions/arm_bitreversal.c ****          pSrc[2U * (i + fftLenBy2p1)] = pSrc[2U * (j + fftLenBy2p1)];
  74:Drivers/CMSIS/DSP/Source/TransformFunctions/arm_bitreversal.c ****          pSrc[2U * (j + fftLenBy2p1)] = in;
  75:Drivers/CMSIS/DSP/Source/TransformFunctions/arm_bitreversal.c **** 
  76:Drivers/CMSIS/DSP/Source/TransformFunctions/arm_bitreversal.c ****          /*  pSrc[i+fftLenBy2p1+1U] <-> pSrc[j+fftLenBy2p1+1U] */
  77:Drivers/CMSIS/DSP/Source/TransformFunctions/arm_bitreversal.c ****          in = pSrc[(2U * (i + fftLenBy2p1)) + 1U];
  78:Drivers/CMSIS/DSP/Source/TransformFunctions/arm_bitreversal.c ****          pSrc[(2U * (i + fftLenBy2p1)) + 1U] =
  79:Drivers/CMSIS/DSP/Source/TransformFunctions/arm_bitreversal.c ****          pSrc[(2U * (j + fftLenBy2p1)) + 1U];
  80:Drivers/CMSIS/DSP/Source/TransformFunctions/arm_bitreversal.c ****          pSrc[(2U * (j + fftLenBy2p1)) + 1U] = in;
  81:Drivers/CMSIS/DSP/Source/TransformFunctions/arm_bitreversal.c **** 
  82:Drivers/CMSIS/DSP/Source/TransformFunctions/arm_bitreversal.c ****       }
  83:Drivers/CMSIS/DSP/Source/TransformFunctions/arm_bitreversal.c **** 
  84:Drivers/CMSIS/DSP/Source/TransformFunctions/arm_bitreversal.c ****       /*  pSrc[i+1U] <-> pSrc[j+1U] */
  85:Drivers/CMSIS/DSP/Source/TransformFunctions/arm_bitreversal.c ****       in = pSrc[2U * (i + 1U)];
  66              		.loc 1 85 7 is_stmt 1 view .LVU14
  67              		.loc 1 85 25 is_stmt 0 view .LVU15
  68 0010 0CF10107 		add	r7, ip, #1
  69              		.loc 1 85 16 view .LVU16
  70 0014 00EBC707 		add	r7, r0, r7, lsl #3
  71              		.loc 1 85 10 view .LVU17
  72 0018 D7F80080 		ldr	r8, [r7]	@ float
  73              	.LVL6:
  86:Drivers/CMSIS/DSP/Source/TransformFunctions/arm_bitreversal.c ****       pSrc[2U * (i + 1U)] = pSrc[2U * (j + fftLenBy2)];
  74              		.loc 1 86 7 is_stmt 1 view .LVU18
  75              		.loc 1 86 42 is_stmt 0 view .LVU19
  76 001c 0EEB0406 		add	r6, lr, r4
  77              		.loc 1 86 33 view .LVU20
  78 0020 4FEAC60E 		lsl	lr, r6, #3
  79              	.LVL7:
  80              		.loc 1 86 33 view .LVU21
  81 0024 00EBC606 		add	r6, r0, r6, lsl #3
  82 0028 D6F80090 		ldr	r9, [r6]	@ float
  83              		.loc 1 86 27 view .LVU22
  84 002c C7F80090 		str	r9, [r7]	@ float
  87:Drivers/CMSIS/DSP/Source/TransformFunctions/arm_bitreversal.c ****       pSrc[2U * (j + fftLenBy2)] = in;
ARM GAS  /var/folders/n6/c271nzx11xl4r4_m7sqjlt0m0000gn/T//ccxDDEZl.s 			page 4


  85              		.loc 1 87 7 is_stmt 1 view .LVU23
  86              		.loc 1 87 34 is_stmt 0 view .LVU24
  87 0030 C6F80080 		str	r8, [r6]	@ float
  88:Drivers/CMSIS/DSP/Source/TransformFunctions/arm_bitreversal.c **** 
  89:Drivers/CMSIS/DSP/Source/TransformFunctions/arm_bitreversal.c ****       /*  pSrc[i+2U] <-> pSrc[j+2U] */
  90:Drivers/CMSIS/DSP/Source/TransformFunctions/arm_bitreversal.c ****       in = pSrc[(2U * (i + 1U)) + 1U];
  88              		.loc 1 90 7 is_stmt 1 view .LVU25
  89              		.loc 1 90 16 is_stmt 0 view .LVU26
  90 0034 4FEACC0C 		lsl	ip, ip, #3
  91 0038 0CF10C0C 		add	ip, ip, #12
  92 003c 8444     		add	ip, ip, r0
  93              		.loc 1 90 10 view .LVU27
  94 003e DCF80060 		ldr	r6, [ip]	@ float
  95              	.LVL8:
  91:Drivers/CMSIS/DSP/Source/TransformFunctions/arm_bitreversal.c ****       pSrc[(2U * (i + 1U)) + 1U] = pSrc[(2U * (j + fftLenBy2)) + 1U];
  96              		.loc 1 91 7 is_stmt 1 view .LVU28
  97              		.loc 1 91 40 is_stmt 0 view .LVU29
  98 0042 0EF1040E 		add	lr, lr, #4
  99 0046 8644     		add	lr, lr, r0
 100 0048 DEF80070 		ldr	r7, [lr]	@ float
 101              		.loc 1 91 34 view .LVU30
 102 004c CCF80070 		str	r7, [ip]	@ float
  92:Drivers/CMSIS/DSP/Source/TransformFunctions/arm_bitreversal.c ****       pSrc[(2U * (j + fftLenBy2)) + 1U] = in;
 103              		.loc 1 92 7 is_stmt 1 view .LVU31
 104              		.loc 1 92 41 is_stmt 0 view .LVU32
 105 0050 CEF80060 		str	r6, [lr]	@ float
  93:Drivers/CMSIS/DSP/Source/TransformFunctions/arm_bitreversal.c **** 
  94:Drivers/CMSIS/DSP/Source/TransformFunctions/arm_bitreversal.c ****       /*  Reading the index for the bit reversal */
  95:Drivers/CMSIS/DSP/Source/TransformFunctions/arm_bitreversal.c ****       j = *pBitRevTab;
 106              		.loc 1 95 7 is_stmt 1 view .LVU33
 107              		.loc 1 95 9 is_stmt 0 view .LVU34
 108 0054 B3F800E0 		ldrh	lr, [r3]
 109              	.LVL9:
  96:Drivers/CMSIS/DSP/Source/TransformFunctions/arm_bitreversal.c **** 
  97:Drivers/CMSIS/DSP/Source/TransformFunctions/arm_bitreversal.c ****       /*  Updating the bit reversal index depending on the fft length  */
  98:Drivers/CMSIS/DSP/Source/TransformFunctions/arm_bitreversal.c ****       pBitRevTab += bitRevFactor;
 110              		.loc 1 98 7 is_stmt 1 view .LVU35
 111              		.loc 1 98 18 is_stmt 0 view .LVU36
 112 0058 03EB4203 		add	r3, r3, r2, lsl #1
 113              	.LVL10:
  57:Drivers/CMSIS/DSP/Source/TransformFunctions/arm_bitreversal.c ****    {
 114              		.loc 1 57 42 is_stmt 1 discriminator 2 view .LVU37
 115 005c 0231     		adds	r1, r1, #2
 116              	.LVL11:
  57:Drivers/CMSIS/DSP/Source/TransformFunctions/arm_bitreversal.c ****    {
 117              		.loc 1 57 42 is_stmt 0 discriminator 2 view .LVU38
 118 005e 89B2     		uxth	r1, r1
 119              	.LVL12:
 120              	.L2:
  57:Drivers/CMSIS/DSP/Source/TransformFunctions/arm_bitreversal.c ****    {
 121              		.loc 1 57 19 is_stmt 1 discriminator 1 view .LVU39
 122 0060 8C46     		mov	ip, r1
  57:Drivers/CMSIS/DSP/Source/TransformFunctions/arm_bitreversal.c ****    {
 123              		.loc 1 57 33 is_stmt 0 discriminator 1 view .LVU40
 124 0062 A61E     		subs	r6, r4, #2
  57:Drivers/CMSIS/DSP/Source/TransformFunctions/arm_bitreversal.c ****    {
 125              		.loc 1 57 19 discriminator 1 view .LVU41
ARM GAS  /var/folders/n6/c271nzx11xl4r4_m7sqjlt0m0000gn/T//ccxDDEZl.s 			page 5


 126 0064 B142     		cmp	r1, r6
 127 0066 3ED8     		bhi	.L6
  59:Drivers/CMSIS/DSP/Source/TransformFunctions/arm_bitreversal.c ****       {
 128              		.loc 1 59 7 is_stmt 1 view .LVU42
  59:Drivers/CMSIS/DSP/Source/TransformFunctions/arm_bitreversal.c ****       {
 129              		.loc 1 59 10 is_stmt 0 view .LVU43
 130 0068 7145     		cmp	r1, lr
 131 006a D1D2     		bcs	.L3
  62:Drivers/CMSIS/DSP/Source/TransformFunctions/arm_bitreversal.c ****          pSrc[2U * i] = pSrc[2U * j];
 132              		.loc 1 62 10 is_stmt 1 view .LVU44
  62:Drivers/CMSIS/DSP/Source/TransformFunctions/arm_bitreversal.c ****          pSrc[2U * i] = pSrc[2U * j];
 133              		.loc 1 62 19 is_stmt 0 view .LVU45
 134 006c 4FEACC07 		lsl	r7, ip, #3
 135 0070 00EBCC09 		add	r9, r0, ip, lsl #3
  62:Drivers/CMSIS/DSP/Source/TransformFunctions/arm_bitreversal.c ****          pSrc[2U * i] = pSrc[2U * j];
 136              		.loc 1 62 13 view .LVU46
 137 0074 D9ED007A 		vldr.32	s15, [r9]
 138              	.LVL13:
  63:Drivers/CMSIS/DSP/Source/TransformFunctions/arm_bitreversal.c ****          pSrc[2U * j] = in;
 139              		.loc 1 63 10 is_stmt 1 view .LVU47
  63:Drivers/CMSIS/DSP/Source/TransformFunctions/arm_bitreversal.c ****          pSrc[2U * j] = in;
 140              		.loc 1 63 29 is_stmt 0 view .LVU48
 141 0078 4FEACE06 		lsl	r6, lr, #3
 142 007c 00EBCE08 		add	r8, r0, lr, lsl #3
 143 0080 98ED007A 		vldr.32	s14, [r8]
  63:Drivers/CMSIS/DSP/Source/TransformFunctions/arm_bitreversal.c ****          pSrc[2U * j] = in;
 144              		.loc 1 63 23 view .LVU49
 145 0084 89ED007A 		vstr.32	s14, [r9]
  64:Drivers/CMSIS/DSP/Source/TransformFunctions/arm_bitreversal.c **** 
 146              		.loc 1 64 10 is_stmt 1 view .LVU50
  64:Drivers/CMSIS/DSP/Source/TransformFunctions/arm_bitreversal.c **** 
 147              		.loc 1 64 23 is_stmt 0 view .LVU51
 148 0088 C8ED007A 		vstr.32	s15, [r8]
  67:Drivers/CMSIS/DSP/Source/TransformFunctions/arm_bitreversal.c ****          pSrc[(2U * i) + 1U] = pSrc[(2U * j) + 1U];
 149              		.loc 1 67 10 is_stmt 1 view .LVU52
  67:Drivers/CMSIS/DSP/Source/TransformFunctions/arm_bitreversal.c ****          pSrc[(2U * i) + 1U] = pSrc[(2U * j) + 1U];
 150              		.loc 1 67 19 is_stmt 0 view .LVU53
 151 008c 0437     		adds	r7, r7, #4
 152 008e 0744     		add	r7, r7, r0
  67:Drivers/CMSIS/DSP/Source/TransformFunctions/arm_bitreversal.c ****          pSrc[(2U * i) + 1U] = pSrc[(2U * j) + 1U];
 153              		.loc 1 67 13 view .LVU54
 154 0090 D7F80080 		ldr	r8, [r7]	@ float
 155              	.LVL14:
  68:Drivers/CMSIS/DSP/Source/TransformFunctions/arm_bitreversal.c ****          pSrc[(2U * j) + 1U] = in;
 156              		.loc 1 68 10 is_stmt 1 view .LVU55
  68:Drivers/CMSIS/DSP/Source/TransformFunctions/arm_bitreversal.c ****          pSrc[(2U * j) + 1U] = in;
 157              		.loc 1 68 36 is_stmt 0 view .LVU56
 158 0094 0436     		adds	r6, r6, #4
 159 0096 0644     		add	r6, r6, r0
 160 0098 D6F80090 		ldr	r9, [r6]	@ float
  68:Drivers/CMSIS/DSP/Source/TransformFunctions/arm_bitreversal.c ****          pSrc[(2U * j) + 1U] = in;
 161              		.loc 1 68 30 view .LVU57
 162 009c C7F80090 		str	r9, [r7]	@ float
  69:Drivers/CMSIS/DSP/Source/TransformFunctions/arm_bitreversal.c **** 
 163              		.loc 1 69 10 is_stmt 1 view .LVU58
  69:Drivers/CMSIS/DSP/Source/TransformFunctions/arm_bitreversal.c **** 
 164              		.loc 1 69 30 is_stmt 0 view .LVU59
ARM GAS  /var/folders/n6/c271nzx11xl4r4_m7sqjlt0m0000gn/T//ccxDDEZl.s 			page 6


 165 00a0 C6F80080 		str	r8, [r6]	@ float
  72:Drivers/CMSIS/DSP/Source/TransformFunctions/arm_bitreversal.c ****          pSrc[2U * (i + fftLenBy2p1)] = pSrc[2U * (j + fftLenBy2p1)];
 166              		.loc 1 72 10 is_stmt 1 view .LVU60
  72:Drivers/CMSIS/DSP/Source/TransformFunctions/arm_bitreversal.c ****          pSrc[2U * (i + fftLenBy2p1)] = pSrc[2U * (j + fftLenBy2p1)];
 167              		.loc 1 72 28 is_stmt 0 view .LVU61
 168 00a4 01EB0509 		add	r9, r1, r5
  72:Drivers/CMSIS/DSP/Source/TransformFunctions/arm_bitreversal.c ****          pSrc[2U * (i + fftLenBy2p1)] = pSrc[2U * (j + fftLenBy2p1)];
 169              		.loc 1 72 19 view .LVU62
 170 00a8 4FEAC907 		lsl	r7, r9, #3
 171 00ac 00EBC909 		add	r9, r0, r9, lsl #3
  72:Drivers/CMSIS/DSP/Source/TransformFunctions/arm_bitreversal.c ****          pSrc[2U * (i + fftLenBy2p1)] = pSrc[2U * (j + fftLenBy2p1)];
 172              		.loc 1 72 13 view .LVU63
 173 00b0 D9ED007A 		vldr.32	s15, [r9]
 174              	.LVL15:
  73:Drivers/CMSIS/DSP/Source/TransformFunctions/arm_bitreversal.c ****          pSrc[2U * (j + fftLenBy2p1)] = in;
 175              		.loc 1 73 10 is_stmt 1 view .LVU64
  73:Drivers/CMSIS/DSP/Source/TransformFunctions/arm_bitreversal.c ****          pSrc[2U * (j + fftLenBy2p1)] = in;
 176              		.loc 1 73 54 is_stmt 0 view .LVU65
 177 00b4 0EEB0508 		add	r8, lr, r5
  73:Drivers/CMSIS/DSP/Source/TransformFunctions/arm_bitreversal.c ****          pSrc[2U * (j + fftLenBy2p1)] = in;
 178              		.loc 1 73 45 view .LVU66
 179 00b8 4FEAC806 		lsl	r6, r8, #3
 180 00bc 00EBC808 		add	r8, r0, r8, lsl #3
 181 00c0 98ED007A 		vldr.32	s14, [r8]
  73:Drivers/CMSIS/DSP/Source/TransformFunctions/arm_bitreversal.c ****          pSrc[2U * (j + fftLenBy2p1)] = in;
 182              		.loc 1 73 39 view .LVU67
 183 00c4 89ED007A 		vstr.32	s14, [r9]
  74:Drivers/CMSIS/DSP/Source/TransformFunctions/arm_bitreversal.c **** 
 184              		.loc 1 74 10 is_stmt 1 view .LVU68
  74:Drivers/CMSIS/DSP/Source/TransformFunctions/arm_bitreversal.c **** 
 185              		.loc 1 74 39 is_stmt 0 view .LVU69
 186 00c8 C8ED007A 		vstr.32	s15, [r8]
  77:Drivers/CMSIS/DSP/Source/TransformFunctions/arm_bitreversal.c ****          pSrc[(2U * (i + fftLenBy2p1)) + 1U] =
 187              		.loc 1 77 10 is_stmt 1 view .LVU70
  77:Drivers/CMSIS/DSP/Source/TransformFunctions/arm_bitreversal.c ****          pSrc[(2U * (i + fftLenBy2p1)) + 1U] =
 188              		.loc 1 77 19 is_stmt 0 view .LVU71
 189 00cc 0437     		adds	r7, r7, #4
 190 00ce 0744     		add	r7, r7, r0
  77:Drivers/CMSIS/DSP/Source/TransformFunctions/arm_bitreversal.c ****          pSrc[(2U * (i + fftLenBy2p1)) + 1U] =
 191              		.loc 1 77 13 view .LVU72
 192 00d0 D7F80080 		ldr	r8, [r7]	@ float
 193              	.LVL16:
  78:Drivers/CMSIS/DSP/Source/TransformFunctions/arm_bitreversal.c ****          pSrc[(2U * (j + fftLenBy2p1)) + 1U];
 194              		.loc 1 78 10 is_stmt 1 view .LVU73
  79:Drivers/CMSIS/DSP/Source/TransformFunctions/arm_bitreversal.c ****          pSrc[(2U * (j + fftLenBy2p1)) + 1U] = in;
 195              		.loc 1 79 14 is_stmt 0 view .LVU74
 196 00d4 0436     		adds	r6, r6, #4
 197 00d6 0644     		add	r6, r6, r0
 198 00d8 D6F80090 		ldr	r9, [r6]	@ float
  78:Drivers/CMSIS/DSP/Source/TransformFunctions/arm_bitreversal.c ****          pSrc[(2U * (j + fftLenBy2p1)) + 1U];
 199              		.loc 1 78 46 view .LVU75
 200 00dc C7F80090 		str	r9, [r7]	@ float
  80:Drivers/CMSIS/DSP/Source/TransformFunctions/arm_bitreversal.c **** 
 201              		.loc 1 80 10 is_stmt 1 view .LVU76
  80:Drivers/CMSIS/DSP/Source/TransformFunctions/arm_bitreversal.c **** 
 202              		.loc 1 80 46 is_stmt 0 view .LVU77
 203 00e0 C6F80080 		str	r8, [r6]	@ float
ARM GAS  /var/folders/n6/c271nzx11xl4r4_m7sqjlt0m0000gn/T//ccxDDEZl.s 			page 7


 204 00e4 94E7     		b	.L3
 205              	.LVL17:
 206              	.L6:
  99:Drivers/CMSIS/DSP/Source/TransformFunctions/arm_bitreversal.c ****    }
 100:Drivers/CMSIS/DSP/Source/TransformFunctions/arm_bitreversal.c **** }
 207              		.loc 1 100 1 view .LVU78
 208 00e6 BDE8F083 		pop	{r4, r5, r6, r7, r8, r9, pc}
 209              		.loc 1 100 1 view .LVU79
 210              		.cfi_endproc
 211              	.LFE135:
 213              		.section	.text.arm_bitreversal_q31,"ax",%progbits
 214              		.align	1
 215              		.global	arm_bitreversal_q31
 216              		.syntax unified
 217              		.thumb
 218              		.thumb_func
 220              	arm_bitreversal_q31:
 221              	.LVL18:
 222              	.LFB136:
 101:Drivers/CMSIS/DSP/Source/TransformFunctions/arm_bitreversal.c **** 
 102:Drivers/CMSIS/DSP/Source/TransformFunctions/arm_bitreversal.c **** 
 103:Drivers/CMSIS/DSP/Source/TransformFunctions/arm_bitreversal.c **** 
 104:Drivers/CMSIS/DSP/Source/TransformFunctions/arm_bitreversal.c **** /*
 105:Drivers/CMSIS/DSP/Source/TransformFunctions/arm_bitreversal.c **** * @brief  In-place bit reversal function.
 106:Drivers/CMSIS/DSP/Source/TransformFunctions/arm_bitreversal.c **** * @param[in, out] *pSrc        points to the in-place buffer of Q31 data type.
 107:Drivers/CMSIS/DSP/Source/TransformFunctions/arm_bitreversal.c **** * @param[in]      fftLen       length of the FFT.
 108:Drivers/CMSIS/DSP/Source/TransformFunctions/arm_bitreversal.c **** * @param[in]      bitRevFactor bit reversal modifier that supports different size FFTs with the sam
 109:Drivers/CMSIS/DSP/Source/TransformFunctions/arm_bitreversal.c **** * @param[in]      *pBitRevTab  points to bit reversal table.
 110:Drivers/CMSIS/DSP/Source/TransformFunctions/arm_bitreversal.c **** * @return none.
 111:Drivers/CMSIS/DSP/Source/TransformFunctions/arm_bitreversal.c **** */
 112:Drivers/CMSIS/DSP/Source/TransformFunctions/arm_bitreversal.c **** 
 113:Drivers/CMSIS/DSP/Source/TransformFunctions/arm_bitreversal.c **** void arm_bitreversal_q31(
 114:Drivers/CMSIS/DSP/Source/TransformFunctions/arm_bitreversal.c **** q31_t * pSrc,
 115:Drivers/CMSIS/DSP/Source/TransformFunctions/arm_bitreversal.c **** uint32_t fftLen,
 116:Drivers/CMSIS/DSP/Source/TransformFunctions/arm_bitreversal.c **** uint16_t bitRevFactor,
 117:Drivers/CMSIS/DSP/Source/TransformFunctions/arm_bitreversal.c **** uint16_t * pBitRevTable)
 118:Drivers/CMSIS/DSP/Source/TransformFunctions/arm_bitreversal.c **** {
 223              		.loc 1 118 1 is_stmt 1 view -0
 224              		.cfi_startproc
 225              		@ args = 0, pretend = 0, frame = 0
 226              		@ frame_needed = 0, uses_anonymous_args = 0
 227              		.loc 1 118 1 is_stmt 0 view .LVU81
 228 0000 2DE9F047 		push	{r4, r5, r6, r7, r8, r9, r10, lr}
 229              		.cfi_def_cfa_offset 32
 230              		.cfi_offset 4, -32
 231              		.cfi_offset 5, -28
 232              		.cfi_offset 6, -24
 233              		.cfi_offset 7, -20
 234              		.cfi_offset 8, -16
 235              		.cfi_offset 9, -12
 236              		.cfi_offset 10, -8
 237              		.cfi_offset 14, -4
 238 0004 9246     		mov	r10, r2
 119:Drivers/CMSIS/DSP/Source/TransformFunctions/arm_bitreversal.c ****    uint32_t fftLenBy2, fftLenBy2p1, i, j;
 239              		.loc 1 119 4 is_stmt 1 view .LVU82
 120:Drivers/CMSIS/DSP/Source/TransformFunctions/arm_bitreversal.c ****    q31_t in;
 240              		.loc 1 120 4 view .LVU83
ARM GAS  /var/folders/n6/c271nzx11xl4r4_m7sqjlt0m0000gn/T//ccxDDEZl.s 			page 8


 121:Drivers/CMSIS/DSP/Source/TransformFunctions/arm_bitreversal.c **** 
 122:Drivers/CMSIS/DSP/Source/TransformFunctions/arm_bitreversal.c ****    /*  Initializations      */
 123:Drivers/CMSIS/DSP/Source/TransformFunctions/arm_bitreversal.c ****    j = 0U;
 241              		.loc 1 123 4 view .LVU84
 242              	.LVL19:
 124:Drivers/CMSIS/DSP/Source/TransformFunctions/arm_bitreversal.c ****    fftLenBy2 = fftLen / 2U;
 243              		.loc 1 124 4 view .LVU85
 244              		.loc 1 124 14 is_stmt 0 view .LVU86
 245 0006 4C08     		lsrs	r4, r1, #1
 246              	.LVL20:
 125:Drivers/CMSIS/DSP/Source/TransformFunctions/arm_bitreversal.c ****    fftLenBy2p1 = (fftLen / 2U) + 1U;
 247              		.loc 1 125 4 is_stmt 1 view .LVU87
 248              		.loc 1 125 16 is_stmt 0 view .LVU88
 249 0008 651C     		adds	r5, r4, #1
 250              	.LVL21:
 126:Drivers/CMSIS/DSP/Source/TransformFunctions/arm_bitreversal.c **** 
 127:Drivers/CMSIS/DSP/Source/TransformFunctions/arm_bitreversal.c ****    /* Bit Reversal Implementation */
 128:Drivers/CMSIS/DSP/Source/TransformFunctions/arm_bitreversal.c ****    for (i = 0U; i <= (fftLenBy2 - 2U); i += 2U)
 251              		.loc 1 128 4 is_stmt 1 view .LVU89
 123:Drivers/CMSIS/DSP/Source/TransformFunctions/arm_bitreversal.c ****    fftLenBy2 = fftLen / 2U;
 252              		.loc 1 123 6 is_stmt 0 view .LVU90
 253 000a 4FF0000C 		mov	ip, #0
 254              		.loc 1 128 11 view .LVU91
 255 000e 6146     		mov	r1, ip
 256              	.LVL22:
 257              		.loc 1 128 4 view .LVU92
 258 0010 1FE0     		b	.L8
 259              	.LVL23:
 260              	.L9:
 129:Drivers/CMSIS/DSP/Source/TransformFunctions/arm_bitreversal.c ****    {
 130:Drivers/CMSIS/DSP/Source/TransformFunctions/arm_bitreversal.c ****       if (i < j)
 131:Drivers/CMSIS/DSP/Source/TransformFunctions/arm_bitreversal.c ****       {
 132:Drivers/CMSIS/DSP/Source/TransformFunctions/arm_bitreversal.c ****          /*  pSrc[i] <-> pSrc[j]; */
 133:Drivers/CMSIS/DSP/Source/TransformFunctions/arm_bitreversal.c ****          in = pSrc[2U * i];
 134:Drivers/CMSIS/DSP/Source/TransformFunctions/arm_bitreversal.c ****          pSrc[2U * i] = pSrc[2U * j];
 135:Drivers/CMSIS/DSP/Source/TransformFunctions/arm_bitreversal.c ****          pSrc[2U * j] = in;
 136:Drivers/CMSIS/DSP/Source/TransformFunctions/arm_bitreversal.c **** 
 137:Drivers/CMSIS/DSP/Source/TransformFunctions/arm_bitreversal.c ****          /*  pSrc[i+1U] <-> pSrc[j+1U] */
 138:Drivers/CMSIS/DSP/Source/TransformFunctions/arm_bitreversal.c ****          in = pSrc[(2U * i) + 1U];
 139:Drivers/CMSIS/DSP/Source/TransformFunctions/arm_bitreversal.c ****          pSrc[(2U * i) + 1U] = pSrc[(2U * j) + 1U];
 140:Drivers/CMSIS/DSP/Source/TransformFunctions/arm_bitreversal.c ****          pSrc[(2U * j) + 1U] = in;
 141:Drivers/CMSIS/DSP/Source/TransformFunctions/arm_bitreversal.c **** 
 142:Drivers/CMSIS/DSP/Source/TransformFunctions/arm_bitreversal.c ****          /*  pSrc[i+fftLenBy2p1] <-> pSrc[j+fftLenBy2p1] */
 143:Drivers/CMSIS/DSP/Source/TransformFunctions/arm_bitreversal.c ****          in = pSrc[2U * (i + fftLenBy2p1)];
 144:Drivers/CMSIS/DSP/Source/TransformFunctions/arm_bitreversal.c ****          pSrc[2U * (i + fftLenBy2p1)] = pSrc[2U * (j + fftLenBy2p1)];
 145:Drivers/CMSIS/DSP/Source/TransformFunctions/arm_bitreversal.c ****          pSrc[2U * (j + fftLenBy2p1)] = in;
 146:Drivers/CMSIS/DSP/Source/TransformFunctions/arm_bitreversal.c **** 
 147:Drivers/CMSIS/DSP/Source/TransformFunctions/arm_bitreversal.c ****          /*  pSrc[i+fftLenBy2p1+1U] <-> pSrc[j+fftLenBy2p1+1U] */
 148:Drivers/CMSIS/DSP/Source/TransformFunctions/arm_bitreversal.c ****          in = pSrc[(2U * (i + fftLenBy2p1)) + 1U];
 149:Drivers/CMSIS/DSP/Source/TransformFunctions/arm_bitreversal.c ****          pSrc[(2U * (i + fftLenBy2p1)) + 1U] =
 150:Drivers/CMSIS/DSP/Source/TransformFunctions/arm_bitreversal.c ****          pSrc[(2U * (j + fftLenBy2p1)) + 1U];
 151:Drivers/CMSIS/DSP/Source/TransformFunctions/arm_bitreversal.c ****          pSrc[(2U * (j + fftLenBy2p1)) + 1U] = in;
 152:Drivers/CMSIS/DSP/Source/TransformFunctions/arm_bitreversal.c **** 
 153:Drivers/CMSIS/DSP/Source/TransformFunctions/arm_bitreversal.c ****       }
 154:Drivers/CMSIS/DSP/Source/TransformFunctions/arm_bitreversal.c **** 
 155:Drivers/CMSIS/DSP/Source/TransformFunctions/arm_bitreversal.c ****       /*  pSrc[i+1U] <-> pSrc[j+1U] */
 156:Drivers/CMSIS/DSP/Source/TransformFunctions/arm_bitreversal.c ****       in = pSrc[2U * (i + 1U)];
ARM GAS  /var/folders/n6/c271nzx11xl4r4_m7sqjlt0m0000gn/T//ccxDDEZl.s 			page 9


 261              		.loc 1 156 7 is_stmt 1 view .LVU93
 262              		.loc 1 156 25 is_stmt 0 view .LVU94
 263 0012 4E1C     		adds	r6, r1, #1
 264              		.loc 1 156 10 view .LVU95
 265 0014 50F83670 		ldr	r7, [r0, r6, lsl #3]
 266              	.LVL24:
 157:Drivers/CMSIS/DSP/Source/TransformFunctions/arm_bitreversal.c ****       pSrc[2U * (i + 1U)] = pSrc[2U * (j + fftLenBy2)];
 267              		.loc 1 157 7 is_stmt 1 view .LVU96
 268              		.loc 1 157 42 is_stmt 0 view .LVU97
 269 0018 0CEB040E 		add	lr, ip, r4
 270              		.loc 1 157 33 view .LVU98
 271 001c 4FEACE0C 		lsl	ip, lr, #3
 272              	.LVL25:
 273              		.loc 1 157 27 view .LVU99
 274 0020 50F83E20 		ldr	r2, [r0, lr, lsl #3]
 275 0024 40F83620 		str	r2, [r0, r6, lsl #3]
 158:Drivers/CMSIS/DSP/Source/TransformFunctions/arm_bitreversal.c ****       pSrc[2U * (j + fftLenBy2)] = in;
 276              		.loc 1 158 7 is_stmt 1 view .LVU100
 277              		.loc 1 158 34 is_stmt 0 view .LVU101
 278 0028 40F83E70 		str	r7, [r0, lr, lsl #3]
 159:Drivers/CMSIS/DSP/Source/TransformFunctions/arm_bitreversal.c **** 
 160:Drivers/CMSIS/DSP/Source/TransformFunctions/arm_bitreversal.c ****       /*  pSrc[i+2U] <-> pSrc[j+2U] */
 161:Drivers/CMSIS/DSP/Source/TransformFunctions/arm_bitreversal.c ****       in = pSrc[(2U * (i + 1U)) + 1U];
 279              		.loc 1 161 7 is_stmt 1 view .LVU102
 280              		.loc 1 161 16 is_stmt 0 view .LVU103
 281 002c 4FEAC10E 		lsl	lr, r1, #3
 282 0030 0EF10C0E 		add	lr, lr, #12
 283              		.loc 1 161 10 view .LVU104
 284 0034 50F80E60 		ldr	r6, [r0, lr]
 285              	.LVL26:
 162:Drivers/CMSIS/DSP/Source/TransformFunctions/arm_bitreversal.c ****       pSrc[(2U * (i + 1U)) + 1U] = pSrc[(2U * (j + fftLenBy2)) + 1U];
 286              		.loc 1 162 7 is_stmt 1 view .LVU105
 287              		.loc 1 162 40 is_stmt 0 view .LVU106
 288 0038 0CF1040C 		add	ip, ip, #4
 289              		.loc 1 162 34 view .LVU107
 290 003c 50F80C20 		ldr	r2, [r0, ip]
 291 0040 40F80E20 		str	r2, [r0, lr]
 163:Drivers/CMSIS/DSP/Source/TransformFunctions/arm_bitreversal.c ****       pSrc[(2U * (j + fftLenBy2)) + 1U] = in;
 292              		.loc 1 163 7 is_stmt 1 view .LVU108
 293              		.loc 1 163 41 is_stmt 0 view .LVU109
 294 0044 40F80C60 		str	r6, [r0, ip]
 164:Drivers/CMSIS/DSP/Source/TransformFunctions/arm_bitreversal.c **** 
 165:Drivers/CMSIS/DSP/Source/TransformFunctions/arm_bitreversal.c ****       /*  Reading the index for the bit reversal */
 166:Drivers/CMSIS/DSP/Source/TransformFunctions/arm_bitreversal.c ****       j = *pBitRevTable;
 295              		.loc 1 166 7 is_stmt 1 view .LVU110
 296              		.loc 1 166 11 is_stmt 0 view .LVU111
 297 0048 B3F800C0 		ldrh	ip, [r3]
 298              	.LVL27:
 167:Drivers/CMSIS/DSP/Source/TransformFunctions/arm_bitreversal.c **** 
 168:Drivers/CMSIS/DSP/Source/TransformFunctions/arm_bitreversal.c ****       /*  Updating the bit reversal index depending on the fft length */
 169:Drivers/CMSIS/DSP/Source/TransformFunctions/arm_bitreversal.c ****       pBitRevTable += bitRevFactor;
 299              		.loc 1 169 7 is_stmt 1 view .LVU112
 300              		.loc 1 169 20 is_stmt 0 view .LVU113
 301 004c 03EB4A03 		add	r3, r3, r10, lsl #1
 302              	.LVL28:
 128:Drivers/CMSIS/DSP/Source/TransformFunctions/arm_bitreversal.c ****    {
 303              		.loc 1 128 42 is_stmt 1 discriminator 2 view .LVU114
ARM GAS  /var/folders/n6/c271nzx11xl4r4_m7sqjlt0m0000gn/T//ccxDDEZl.s 			page 10


 304 0050 0231     		adds	r1, r1, #2
 305              	.LVL29:
 306              	.L8:
 128:Drivers/CMSIS/DSP/Source/TransformFunctions/arm_bitreversal.c ****    {
 307              		.loc 1 128 19 discriminator 1 view .LVU115
 128:Drivers/CMSIS/DSP/Source/TransformFunctions/arm_bitreversal.c ****    {
 308              		.loc 1 128 33 is_stmt 0 discriminator 1 view .LVU116
 309 0052 A61E     		subs	r6, r4, #2
 128:Drivers/CMSIS/DSP/Source/TransformFunctions/arm_bitreversal.c ****    {
 310              		.loc 1 128 19 discriminator 1 view .LVU117
 311 0054 8E42     		cmp	r6, r1
 312 0056 2FD3     		bcc	.L12
 130:Drivers/CMSIS/DSP/Source/TransformFunctions/arm_bitreversal.c ****       {
 313              		.loc 1 130 7 is_stmt 1 view .LVU118
 130:Drivers/CMSIS/DSP/Source/TransformFunctions/arm_bitreversal.c ****       {
 314              		.loc 1 130 10 is_stmt 0 view .LVU119
 315 0058 6145     		cmp	r1, ip
 316 005a DAD2     		bcs	.L9
 133:Drivers/CMSIS/DSP/Source/TransformFunctions/arm_bitreversal.c ****          pSrc[2U * i] = pSrc[2U * j];
 317              		.loc 1 133 10 is_stmt 1 view .LVU120
 133:Drivers/CMSIS/DSP/Source/TransformFunctions/arm_bitreversal.c ****          pSrc[2U * i] = pSrc[2U * j];
 318              		.loc 1 133 19 is_stmt 0 view .LVU121
 319 005c CE00     		lsls	r6, r1, #3
 133:Drivers/CMSIS/DSP/Source/TransformFunctions/arm_bitreversal.c ****          pSrc[2U * i] = pSrc[2U * j];
 320              		.loc 1 133 13 view .LVU122
 321 005e 50F83170 		ldr	r7, [r0, r1, lsl #3]
 322              	.LVL30:
 134:Drivers/CMSIS/DSP/Source/TransformFunctions/arm_bitreversal.c ****          pSrc[2U * j] = in;
 323              		.loc 1 134 10 is_stmt 1 view .LVU123
 134:Drivers/CMSIS/DSP/Source/TransformFunctions/arm_bitreversal.c ****          pSrc[2U * j] = in;
 324              		.loc 1 134 29 is_stmt 0 view .LVU124
 325 0062 4FEACC0E 		lsl	lr, ip, #3
 134:Drivers/CMSIS/DSP/Source/TransformFunctions/arm_bitreversal.c ****          pSrc[2U * j] = in;
 326              		.loc 1 134 23 view .LVU125
 327 0066 50F83C20 		ldr	r2, [r0, ip, lsl #3]
 328 006a 40F83120 		str	r2, [r0, r1, lsl #3]
 135:Drivers/CMSIS/DSP/Source/TransformFunctions/arm_bitreversal.c **** 
 329              		.loc 1 135 10 is_stmt 1 view .LVU126
 135:Drivers/CMSIS/DSP/Source/TransformFunctions/arm_bitreversal.c **** 
 330              		.loc 1 135 23 is_stmt 0 view .LVU127
 331 006e 40F83C70 		str	r7, [r0, ip, lsl #3]
 138:Drivers/CMSIS/DSP/Source/TransformFunctions/arm_bitreversal.c ****          pSrc[(2U * i) + 1U] = pSrc[(2U * j) + 1U];
 332              		.loc 1 138 10 is_stmt 1 view .LVU128
 138:Drivers/CMSIS/DSP/Source/TransformFunctions/arm_bitreversal.c ****          pSrc[(2U * i) + 1U] = pSrc[(2U * j) + 1U];
 333              		.loc 1 138 19 is_stmt 0 view .LVU129
 334 0072 0436     		adds	r6, r6, #4
 138:Drivers/CMSIS/DSP/Source/TransformFunctions/arm_bitreversal.c ****          pSrc[(2U * i) + 1U] = pSrc[(2U * j) + 1U];
 335              		.loc 1 138 13 view .LVU130
 336 0074 8759     		ldr	r7, [r0, r6]
 337              	.LVL31:
 139:Drivers/CMSIS/DSP/Source/TransformFunctions/arm_bitreversal.c ****          pSrc[(2U * j) + 1U] = in;
 338              		.loc 1 139 10 is_stmt 1 view .LVU131
 139:Drivers/CMSIS/DSP/Source/TransformFunctions/arm_bitreversal.c ****          pSrc[(2U * j) + 1U] = in;
 339              		.loc 1 139 36 is_stmt 0 view .LVU132
 340 0076 0EF1040E 		add	lr, lr, #4
 139:Drivers/CMSIS/DSP/Source/TransformFunctions/arm_bitreversal.c ****          pSrc[(2U * j) + 1U] = in;
 341              		.loc 1 139 30 view .LVU133
ARM GAS  /var/folders/n6/c271nzx11xl4r4_m7sqjlt0m0000gn/T//ccxDDEZl.s 			page 11


 342 007a 50F80E20 		ldr	r2, [r0, lr]
 343 007e 8251     		str	r2, [r0, r6]
 140:Drivers/CMSIS/DSP/Source/TransformFunctions/arm_bitreversal.c **** 
 344              		.loc 1 140 10 is_stmt 1 view .LVU134
 140:Drivers/CMSIS/DSP/Source/TransformFunctions/arm_bitreversal.c **** 
 345              		.loc 1 140 30 is_stmt 0 view .LVU135
 346 0080 40F80E70 		str	r7, [r0, lr]
 143:Drivers/CMSIS/DSP/Source/TransformFunctions/arm_bitreversal.c ****          pSrc[2U * (i + fftLenBy2p1)] = pSrc[2U * (j + fftLenBy2p1)];
 347              		.loc 1 143 10 is_stmt 1 view .LVU136
 143:Drivers/CMSIS/DSP/Source/TransformFunctions/arm_bitreversal.c ****          pSrc[2U * (i + fftLenBy2p1)] = pSrc[2U * (j + fftLenBy2p1)];
 348              		.loc 1 143 28 is_stmt 0 view .LVU137
 349 0084 01EB0509 		add	r9, r1, r5
 143:Drivers/CMSIS/DSP/Source/TransformFunctions/arm_bitreversal.c ****          pSrc[2U * (i + fftLenBy2p1)] = pSrc[2U * (j + fftLenBy2p1)];
 350              		.loc 1 143 19 view .LVU138
 351 0088 4FEAC907 		lsl	r7, r9, #3
 352              	.LVL32:
 143:Drivers/CMSIS/DSP/Source/TransformFunctions/arm_bitreversal.c ****          pSrc[2U * (i + fftLenBy2p1)] = pSrc[2U * (j + fftLenBy2p1)];
 353              		.loc 1 143 13 view .LVU139
 354 008c 50F83960 		ldr	r6, [r0, r9, lsl #3]
 355              	.LVL33:
 144:Drivers/CMSIS/DSP/Source/TransformFunctions/arm_bitreversal.c ****          pSrc[2U * (j + fftLenBy2p1)] = in;
 356              		.loc 1 144 10 is_stmt 1 view .LVU140
 144:Drivers/CMSIS/DSP/Source/TransformFunctions/arm_bitreversal.c ****          pSrc[2U * (j + fftLenBy2p1)] = in;
 357              		.loc 1 144 54 is_stmt 0 view .LVU141
 358 0090 0CEB0508 		add	r8, ip, r5
 144:Drivers/CMSIS/DSP/Source/TransformFunctions/arm_bitreversal.c ****          pSrc[2U * (j + fftLenBy2p1)] = in;
 359              		.loc 1 144 45 view .LVU142
 360 0094 4FEAC80E 		lsl	lr, r8, #3
 144:Drivers/CMSIS/DSP/Source/TransformFunctions/arm_bitreversal.c ****          pSrc[2U * (j + fftLenBy2p1)] = in;
 361              		.loc 1 144 39 view .LVU143
 362 0098 50F83820 		ldr	r2, [r0, r8, lsl #3]
 363 009c 40F83920 		str	r2, [r0, r9, lsl #3]
 145:Drivers/CMSIS/DSP/Source/TransformFunctions/arm_bitreversal.c **** 
 364              		.loc 1 145 10 is_stmt 1 view .LVU144
 145:Drivers/CMSIS/DSP/Source/TransformFunctions/arm_bitreversal.c **** 
 365              		.loc 1 145 39 is_stmt 0 view .LVU145
 366 00a0 40F83860 		str	r6, [r0, r8, lsl #3]
 148:Drivers/CMSIS/DSP/Source/TransformFunctions/arm_bitreversal.c ****          pSrc[(2U * (i + fftLenBy2p1)) + 1U] =
 367              		.loc 1 148 10 is_stmt 1 view .LVU146
 148:Drivers/CMSIS/DSP/Source/TransformFunctions/arm_bitreversal.c ****          pSrc[(2U * (i + fftLenBy2p1)) + 1U] =
 368              		.loc 1 148 19 is_stmt 0 view .LVU147
 369 00a4 0437     		adds	r7, r7, #4
 148:Drivers/CMSIS/DSP/Source/TransformFunctions/arm_bitreversal.c ****          pSrc[(2U * (i + fftLenBy2p1)) + 1U] =
 370              		.loc 1 148 13 view .LVU148
 371 00a6 C659     		ldr	r6, [r0, r7]
 372              	.LVL34:
 149:Drivers/CMSIS/DSP/Source/TransformFunctions/arm_bitreversal.c ****          pSrc[(2U * (j + fftLenBy2p1)) + 1U];
 373              		.loc 1 149 10 is_stmt 1 view .LVU149
 150:Drivers/CMSIS/DSP/Source/TransformFunctions/arm_bitreversal.c ****          pSrc[(2U * (j + fftLenBy2p1)) + 1U] = in;
 374              		.loc 1 150 14 is_stmt 0 view .LVU150
 375 00a8 0EF1040E 		add	lr, lr, #4
 149:Drivers/CMSIS/DSP/Source/TransformFunctions/arm_bitreversal.c ****          pSrc[(2U * (j + fftLenBy2p1)) + 1U];
 376              		.loc 1 149 46 view .LVU151
 377 00ac 50F80E20 		ldr	r2, [r0, lr]
 378 00b0 C251     		str	r2, [r0, r7]
 151:Drivers/CMSIS/DSP/Source/TransformFunctions/arm_bitreversal.c **** 
 379              		.loc 1 151 10 is_stmt 1 view .LVU152
ARM GAS  /var/folders/n6/c271nzx11xl4r4_m7sqjlt0m0000gn/T//ccxDDEZl.s 			page 12


 151:Drivers/CMSIS/DSP/Source/TransformFunctions/arm_bitreversal.c **** 
 380              		.loc 1 151 46 is_stmt 0 view .LVU153
 381 00b2 40F80E60 		str	r6, [r0, lr]
 382 00b6 ACE7     		b	.L9
 383              	.LVL35:
 384              	.L12:
 170:Drivers/CMSIS/DSP/Source/TransformFunctions/arm_bitreversal.c ****    }
 171:Drivers/CMSIS/DSP/Source/TransformFunctions/arm_bitreversal.c **** }
 385              		.loc 1 171 1 view .LVU154
 386 00b8 BDE8F087 		pop	{r4, r5, r6, r7, r8, r9, r10, pc}
 387              		.loc 1 171 1 view .LVU155
 388              		.cfi_endproc
 389              	.LFE136:
 391              		.section	.text.arm_bitreversal_q15,"ax",%progbits
 392              		.align	1
 393              		.global	arm_bitreversal_q15
 394              		.syntax unified
 395              		.thumb
 396              		.thumb_func
 398              	arm_bitreversal_q15:
 399              	.LVL36:
 400              	.LFB137:
 172:Drivers/CMSIS/DSP/Source/TransformFunctions/arm_bitreversal.c **** 
 173:Drivers/CMSIS/DSP/Source/TransformFunctions/arm_bitreversal.c **** 
 174:Drivers/CMSIS/DSP/Source/TransformFunctions/arm_bitreversal.c **** 
 175:Drivers/CMSIS/DSP/Source/TransformFunctions/arm_bitreversal.c **** /*
 176:Drivers/CMSIS/DSP/Source/TransformFunctions/arm_bitreversal.c ****    * @brief  In-place bit reversal function.
 177:Drivers/CMSIS/DSP/Source/TransformFunctions/arm_bitreversal.c ****    * @param[in, out] *pSrc        points to the in-place buffer of Q15 data type.
 178:Drivers/CMSIS/DSP/Source/TransformFunctions/arm_bitreversal.c ****    * @param[in]      fftLen       length of the FFT.
 179:Drivers/CMSIS/DSP/Source/TransformFunctions/arm_bitreversal.c ****    * @param[in]      bitRevFactor bit reversal modifier that supports different size FFTs with the 
 180:Drivers/CMSIS/DSP/Source/TransformFunctions/arm_bitreversal.c ****    * @param[in]      *pBitRevTab  points to bit reversal table.
 181:Drivers/CMSIS/DSP/Source/TransformFunctions/arm_bitreversal.c ****    * @return none.
 182:Drivers/CMSIS/DSP/Source/TransformFunctions/arm_bitreversal.c **** */
 183:Drivers/CMSIS/DSP/Source/TransformFunctions/arm_bitreversal.c **** 
 184:Drivers/CMSIS/DSP/Source/TransformFunctions/arm_bitreversal.c **** void arm_bitreversal_q15(
 185:Drivers/CMSIS/DSP/Source/TransformFunctions/arm_bitreversal.c **** q15_t * pSrc16,
 186:Drivers/CMSIS/DSP/Source/TransformFunctions/arm_bitreversal.c **** uint32_t fftLen,
 187:Drivers/CMSIS/DSP/Source/TransformFunctions/arm_bitreversal.c **** uint16_t bitRevFactor,
 188:Drivers/CMSIS/DSP/Source/TransformFunctions/arm_bitreversal.c **** uint16_t * pBitRevTab)
 189:Drivers/CMSIS/DSP/Source/TransformFunctions/arm_bitreversal.c **** {
 401              		.loc 1 189 1 is_stmt 1 view -0
 402              		.cfi_startproc
 403              		@ args = 0, pretend = 0, frame = 0
 404              		@ frame_needed = 0, uses_anonymous_args = 0
 405              		.loc 1 189 1 is_stmt 0 view .LVU157
 406 0000 2DE9F041 		push	{r4, r5, r6, r7, r8, lr}
 407              		.cfi_def_cfa_offset 24
 408              		.cfi_offset 4, -24
 409              		.cfi_offset 5, -20
 410              		.cfi_offset 6, -16
 411              		.cfi_offset 7, -12
 412              		.cfi_offset 8, -8
 413              		.cfi_offset 14, -4
 190:Drivers/CMSIS/DSP/Source/TransformFunctions/arm_bitreversal.c ****    q31_t *pSrc = (q31_t *) pSrc16;
 414              		.loc 1 190 4 is_stmt 1 view .LVU158
 415              	.LVL37:
 191:Drivers/CMSIS/DSP/Source/TransformFunctions/arm_bitreversal.c ****    q31_t in;
ARM GAS  /var/folders/n6/c271nzx11xl4r4_m7sqjlt0m0000gn/T//ccxDDEZl.s 			page 13


 416              		.loc 1 191 4 view .LVU159
 192:Drivers/CMSIS/DSP/Source/TransformFunctions/arm_bitreversal.c ****    uint32_t fftLenBy2, fftLenBy2p1;
 417              		.loc 1 192 4 view .LVU160
 193:Drivers/CMSIS/DSP/Source/TransformFunctions/arm_bitreversal.c ****    uint32_t i, j;
 418              		.loc 1 193 4 view .LVU161
 194:Drivers/CMSIS/DSP/Source/TransformFunctions/arm_bitreversal.c **** 
 195:Drivers/CMSIS/DSP/Source/TransformFunctions/arm_bitreversal.c ****    /*  Initializations */
 196:Drivers/CMSIS/DSP/Source/TransformFunctions/arm_bitreversal.c ****    j = 0U;
 419              		.loc 1 196 4 view .LVU162
 197:Drivers/CMSIS/DSP/Source/TransformFunctions/arm_bitreversal.c ****    fftLenBy2 = fftLen / 2U;
 420              		.loc 1 197 4 view .LVU163
 421              		.loc 1 197 14 is_stmt 0 view .LVU164
 422 0004 4C08     		lsrs	r4, r1, #1
 423              	.LVL38:
 198:Drivers/CMSIS/DSP/Source/TransformFunctions/arm_bitreversal.c ****    fftLenBy2p1 = (fftLen / 2U) + 1U;
 424              		.loc 1 198 4 is_stmt 1 view .LVU165
 425              		.loc 1 198 16 is_stmt 0 view .LVU166
 426 0006 661C     		adds	r6, r4, #1
 427              	.LVL39:
 199:Drivers/CMSIS/DSP/Source/TransformFunctions/arm_bitreversal.c **** 
 200:Drivers/CMSIS/DSP/Source/TransformFunctions/arm_bitreversal.c ****    /* Bit Reversal Implementation */
 201:Drivers/CMSIS/DSP/Source/TransformFunctions/arm_bitreversal.c ****    for (i = 0U; i <= (fftLenBy2 - 2U); i += 2U)
 428              		.loc 1 201 4 is_stmt 1 view .LVU167
 196:Drivers/CMSIS/DSP/Source/TransformFunctions/arm_bitreversal.c ****    fftLenBy2 = fftLen / 2U;
 429              		.loc 1 196 6 is_stmt 0 view .LVU168
 430 0008 4FF0000C 		mov	ip, #0
 431              		.loc 1 201 11 view .LVU169
 432 000c E646     		mov	lr, ip
 433              		.loc 1 201 4 view .LVU170
 434 000e 10E0     		b	.L14
 435              	.LVL40:
 436              	.L15:
 202:Drivers/CMSIS/DSP/Source/TransformFunctions/arm_bitreversal.c ****    {
 203:Drivers/CMSIS/DSP/Source/TransformFunctions/arm_bitreversal.c ****       if (i < j)
 204:Drivers/CMSIS/DSP/Source/TransformFunctions/arm_bitreversal.c ****       {
 205:Drivers/CMSIS/DSP/Source/TransformFunctions/arm_bitreversal.c ****          /*  pSrc[i] <-> pSrc[j]; */
 206:Drivers/CMSIS/DSP/Source/TransformFunctions/arm_bitreversal.c ****          /*  pSrc[i+1U] <-> pSrc[j+1U] */
 207:Drivers/CMSIS/DSP/Source/TransformFunctions/arm_bitreversal.c ****          in = pSrc[i];
 208:Drivers/CMSIS/DSP/Source/TransformFunctions/arm_bitreversal.c ****          pSrc[i] = pSrc[j];
 209:Drivers/CMSIS/DSP/Source/TransformFunctions/arm_bitreversal.c ****          pSrc[j] = in;
 210:Drivers/CMSIS/DSP/Source/TransformFunctions/arm_bitreversal.c **** 
 211:Drivers/CMSIS/DSP/Source/TransformFunctions/arm_bitreversal.c ****          /*  pSrc[i + fftLenBy2p1] <-> pSrc[j + fftLenBy2p1];  */
 212:Drivers/CMSIS/DSP/Source/TransformFunctions/arm_bitreversal.c ****          /*  pSrc[i + fftLenBy2p1+1U] <-> pSrc[j + fftLenBy2p1+1U] */
 213:Drivers/CMSIS/DSP/Source/TransformFunctions/arm_bitreversal.c ****          in = pSrc[i + fftLenBy2p1];
 214:Drivers/CMSIS/DSP/Source/TransformFunctions/arm_bitreversal.c ****          pSrc[i + fftLenBy2p1] = pSrc[j + fftLenBy2p1];
 215:Drivers/CMSIS/DSP/Source/TransformFunctions/arm_bitreversal.c ****          pSrc[j + fftLenBy2p1] = in;
 216:Drivers/CMSIS/DSP/Source/TransformFunctions/arm_bitreversal.c ****       }
 217:Drivers/CMSIS/DSP/Source/TransformFunctions/arm_bitreversal.c **** 
 218:Drivers/CMSIS/DSP/Source/TransformFunctions/arm_bitreversal.c ****       /*  pSrc[i+1U] <-> pSrc[j+fftLenBy2];         */
 219:Drivers/CMSIS/DSP/Source/TransformFunctions/arm_bitreversal.c ****       /*  pSrc[i+2] <-> pSrc[j+fftLenBy2+1U]  */
 220:Drivers/CMSIS/DSP/Source/TransformFunctions/arm_bitreversal.c ****       in = pSrc[i + 1U];
 437              		.loc 1 220 7 is_stmt 1 view .LVU171
 438              		.loc 1 220 16 is_stmt 0 view .LVU172
 439 0010 0EF10101 		add	r1, lr, #1
 440              		.loc 1 220 10 view .LVU173
 441 0014 50F82150 		ldr	r5, [r0, r1, lsl #2]
 442              	.LVL41:
ARM GAS  /var/folders/n6/c271nzx11xl4r4_m7sqjlt0m0000gn/T//ccxDDEZl.s 			page 14


 221:Drivers/CMSIS/DSP/Source/TransformFunctions/arm_bitreversal.c ****       pSrc[i + 1U] = pSrc[j + fftLenBy2];
 443              		.loc 1 221 7 is_stmt 1 view .LVU174
 444              		.loc 1 221 29 is_stmt 0 view .LVU175
 445 0018 A444     		add	ip, ip, r4
 446              	.LVL42:
 447              		.loc 1 221 20 view .LVU176
 448 001a 50F82C70 		ldr	r7, [r0, ip, lsl #2]
 449 001e 40F82170 		str	r7, [r0, r1, lsl #2]
 222:Drivers/CMSIS/DSP/Source/TransformFunctions/arm_bitreversal.c ****       pSrc[j + fftLenBy2] = in;
 450              		.loc 1 222 7 is_stmt 1 view .LVU177
 451              		.loc 1 222 27 is_stmt 0 view .LVU178
 452 0022 40F82C50 		str	r5, [r0, ip, lsl #2]
 223:Drivers/CMSIS/DSP/Source/TransformFunctions/arm_bitreversal.c **** 
 224:Drivers/CMSIS/DSP/Source/TransformFunctions/arm_bitreversal.c ****       /*  Reading the index for the bit reversal */
 225:Drivers/CMSIS/DSP/Source/TransformFunctions/arm_bitreversal.c ****       j = *pBitRevTab;
 453              		.loc 1 225 7 is_stmt 1 view .LVU179
 454              		.loc 1 225 11 is_stmt 0 view .LVU180
 455 0026 B3F800C0 		ldrh	ip, [r3]
 456              	.LVL43:
 226:Drivers/CMSIS/DSP/Source/TransformFunctions/arm_bitreversal.c **** 
 227:Drivers/CMSIS/DSP/Source/TransformFunctions/arm_bitreversal.c ****       /*  Updating the bit reversal index depending on the fft length  */
 228:Drivers/CMSIS/DSP/Source/TransformFunctions/arm_bitreversal.c ****       pBitRevTab += bitRevFactor;
 457              		.loc 1 228 7 is_stmt 1 view .LVU181
 458              		.loc 1 228 18 is_stmt 0 view .LVU182
 459 002a 03EB4203 		add	r3, r3, r2, lsl #1
 460              	.LVL44:
 201:Drivers/CMSIS/DSP/Source/TransformFunctions/arm_bitreversal.c ****    {
 461              		.loc 1 201 42 is_stmt 1 discriminator 2 view .LVU183
 462 002e 0EF1020E 		add	lr, lr, #2
 463              	.LVL45:
 464              	.L14:
 201:Drivers/CMSIS/DSP/Source/TransformFunctions/arm_bitreversal.c ****    {
 465              		.loc 1 201 19 discriminator 1 view .LVU184
 201:Drivers/CMSIS/DSP/Source/TransformFunctions/arm_bitreversal.c ****    {
 466              		.loc 1 201 33 is_stmt 0 discriminator 1 view .LVU185
 467 0032 A11E     		subs	r1, r4, #2
 201:Drivers/CMSIS/DSP/Source/TransformFunctions/arm_bitreversal.c ****    {
 468              		.loc 1 201 19 discriminator 1 view .LVU186
 469 0034 7145     		cmp	r1, lr
 470 0036 16D3     		bcc	.L18
 203:Drivers/CMSIS/DSP/Source/TransformFunctions/arm_bitreversal.c ****       {
 471              		.loc 1 203 7 is_stmt 1 view .LVU187
 203:Drivers/CMSIS/DSP/Source/TransformFunctions/arm_bitreversal.c ****       {
 472              		.loc 1 203 10 is_stmt 0 view .LVU188
 473 0038 E645     		cmp	lr, ip
 474 003a E9D2     		bcs	.L15
 207:Drivers/CMSIS/DSP/Source/TransformFunctions/arm_bitreversal.c ****          pSrc[i] = pSrc[j];
 475              		.loc 1 207 10 is_stmt 1 view .LVU189
 207:Drivers/CMSIS/DSP/Source/TransformFunctions/arm_bitreversal.c ****          pSrc[i] = pSrc[j];
 476              		.loc 1 207 13 is_stmt 0 view .LVU190
 477 003c 50F82E50 		ldr	r5, [r0, lr, lsl #2]
 478              	.LVL46:
 208:Drivers/CMSIS/DSP/Source/TransformFunctions/arm_bitreversal.c ****          pSrc[j] = in;
 479              		.loc 1 208 10 is_stmt 1 view .LVU191
 208:Drivers/CMSIS/DSP/Source/TransformFunctions/arm_bitreversal.c ****          pSrc[j] = in;
 480              		.loc 1 208 24 is_stmt 0 view .LVU192
 481 0040 50F82C10 		ldr	r1, [r0, ip, lsl #2]
ARM GAS  /var/folders/n6/c271nzx11xl4r4_m7sqjlt0m0000gn/T//ccxDDEZl.s 			page 15


 208:Drivers/CMSIS/DSP/Source/TransformFunctions/arm_bitreversal.c ****          pSrc[j] = in;
 482              		.loc 1 208 18 view .LVU193
 483 0044 40F82E10 		str	r1, [r0, lr, lsl #2]
 209:Drivers/CMSIS/DSP/Source/TransformFunctions/arm_bitreversal.c **** 
 484              		.loc 1 209 10 is_stmt 1 view .LVU194
 209:Drivers/CMSIS/DSP/Source/TransformFunctions/arm_bitreversal.c **** 
 485              		.loc 1 209 18 is_stmt 0 view .LVU195
 486 0048 40F82C50 		str	r5, [r0, ip, lsl #2]
 213:Drivers/CMSIS/DSP/Source/TransformFunctions/arm_bitreversal.c ****          pSrc[i + fftLenBy2p1] = pSrc[j + fftLenBy2p1];
 487              		.loc 1 213 10 is_stmt 1 view .LVU196
 213:Drivers/CMSIS/DSP/Source/TransformFunctions/arm_bitreversal.c ****          pSrc[i + fftLenBy2p1] = pSrc[j + fftLenBy2p1];
 488              		.loc 1 213 22 is_stmt 0 view .LVU197
 489 004c 0EEB0607 		add	r7, lr, r6
 213:Drivers/CMSIS/DSP/Source/TransformFunctions/arm_bitreversal.c ****          pSrc[i + fftLenBy2p1] = pSrc[j + fftLenBy2p1];
 490              		.loc 1 213 13 view .LVU198
 491 0050 50F82780 		ldr	r8, [r0, r7, lsl #2]
 492              	.LVL47:
 214:Drivers/CMSIS/DSP/Source/TransformFunctions/arm_bitreversal.c ****          pSrc[j + fftLenBy2p1] = in;
 493              		.loc 1 214 10 is_stmt 1 view .LVU199
 214:Drivers/CMSIS/DSP/Source/TransformFunctions/arm_bitreversal.c ****          pSrc[j + fftLenBy2p1] = in;
 494              		.loc 1 214 41 is_stmt 0 view .LVU200
 495 0054 0CEB0601 		add	r1, ip, r6
 214:Drivers/CMSIS/DSP/Source/TransformFunctions/arm_bitreversal.c ****          pSrc[j + fftLenBy2p1] = in;
 496              		.loc 1 214 32 view .LVU201
 497 0058 50F82150 		ldr	r5, [r0, r1, lsl #2]
 498 005c 40F82750 		str	r5, [r0, r7, lsl #2]
 215:Drivers/CMSIS/DSP/Source/TransformFunctions/arm_bitreversal.c ****       }
 499              		.loc 1 215 10 is_stmt 1 view .LVU202
 215:Drivers/CMSIS/DSP/Source/TransformFunctions/arm_bitreversal.c ****       }
 500              		.loc 1 215 32 is_stmt 0 view .LVU203
 501 0060 40F82180 		str	r8, [r0, r1, lsl #2]
 502 0064 D4E7     		b	.L15
 503              	.LVL48:
 504              	.L18:
 229:Drivers/CMSIS/DSP/Source/TransformFunctions/arm_bitreversal.c ****    }
 230:Drivers/CMSIS/DSP/Source/TransformFunctions/arm_bitreversal.c **** }
 505              		.loc 1 230 1 view .LVU204
 506 0066 BDE8F081 		pop	{r4, r5, r6, r7, r8, pc}
 507              		.loc 1 230 1 view .LVU205
 508              		.cfi_endproc
 509              	.LFE137:
 511              		.text
 512              	.Letext0:
 513              		.file 2 "/Users/killian/Library/Application Support/Code/User/globalStorage/bmd.stm32-for-vscode/@
 514              		.file 3 "/Users/killian/Library/Application Support/Code/User/globalStorage/bmd.stm32-for-vscode/@
 515              		.file 4 "Drivers/CMSIS/DSP/Include/arm_math.h"
ARM GAS  /var/folders/n6/c271nzx11xl4r4_m7sqjlt0m0000gn/T//ccxDDEZl.s 			page 16


DEFINED SYMBOLS
                            *ABS*:00000000 arm_bitreversal.c
/var/folders/n6/c271nzx11xl4r4_m7sqjlt0m0000gn/T//ccxDDEZl.s:20     .text.arm_bitreversal_f32:00000000 $t
/var/folders/n6/c271nzx11xl4r4_m7sqjlt0m0000gn/T//ccxDDEZl.s:26     .text.arm_bitreversal_f32:00000000 arm_bitreversal_f32
/var/folders/n6/c271nzx11xl4r4_m7sqjlt0m0000gn/T//ccxDDEZl.s:214    .text.arm_bitreversal_q31:00000000 $t
/var/folders/n6/c271nzx11xl4r4_m7sqjlt0m0000gn/T//ccxDDEZl.s:220    .text.arm_bitreversal_q31:00000000 arm_bitreversal_q31
/var/folders/n6/c271nzx11xl4r4_m7sqjlt0m0000gn/T//ccxDDEZl.s:392    .text.arm_bitreversal_q15:00000000 $t
/var/folders/n6/c271nzx11xl4r4_m7sqjlt0m0000gn/T//ccxDDEZl.s:398    .text.arm_bitreversal_q15:00000000 arm_bitreversal_q15

NO UNDEFINED SYMBOLS
